wallet 1.0.0 listening on http://localhost:3007
{"time":"2026-09-27T11:45:06.336Z","level":"info","event":"request","request_id":"a1723305-88bc-4d0a-b372-d3c8d9b2b634","method":"POST","route":"/api/auth/register","status":201,"duration_ms":64.4,"user_id":null}
{"time":"2026-09-27T11:45:06.340Z","level":"info","event":"request","request_id":"59784c27-af8e-4a52-8c16-409ed94cbbb7","method":"GET","route":"/api/categories","status":200,"duration_ms":2.2,"user_id":1}
{"time":"2026-09-27T11:45:06.396Z","level":"info","event":"request","request_id":"a28972f6-3e1e-48c0-b0b0-1108262d8f9a","method":"POST","route":"/api/auth/register","status":201,"duration_ms":53.7,"user_id":null}
{"time":"2026-09-27T11:45:06.398Z","level":"info","event":"request","request_id":"a4beb4de-fa1d-4d77-91ec-2c2c1d4a66fb","method":"GET","route":"/api/categories","status":200,"duration_ms":0.8,"user_id":2}
{"time":"2026-09-27T11:45:06.704Z","level":"info","event":"request","request_id":"6d0783ae-8168-47c3-9d03-74135b0436f5","method":"PUT","route":"/api/settings","status":200,"duration_ms":1.7,"user_id":2}
{"time":"2026-09-27T11:45:06.707Z","level":"info","event":"request","request_id":"878a21ba-83b5-41c3-9a0f-3cf3aa2f5ce8","method":"POST","route":"/api/transactions","status":201,"duration_ms":1.3,"user_id":2}
{"time":"2026-09-27T11:45:06.972Z","level":"info","event":"request","request_id":"e1d5a049-74c3-491b-951e-06d781133c7b","method":"POST","route":"/api/transactions","status":201,"duration_ms":1.2,"user_id":2}
{"time":"2026-09-27T11:45:07.239Z","level":"info","event":"request","request_id":"1df0d932-5fa2-403f-b94c-416654aeff06","method":"POST","route":"/api/transactions","status":201,"duration_ms":1.2,"user_id":2}
{"time":"2026-09-27T11:45:07.503Z","level":"info","event":"request","request_id":"38281edd-cea7-467a-accc-31984e6429a0","method":"GET","route":"/api/summary","status":200,"duration_ms":1.7,"user_id":2}
{"time":"2026-09-27T11:45:07.970Z","level":"info","event":"request","request_id":"e6f107af-ff7d-403c-bc1d-c2446eabd2b1","method":"POST","route":"/api/auth/login","status":401,"duration_ms":63.6,"user_id":null}
{"time":"2026-09-27T11:45:08.392Z","level":"info","event":"request","request_id":"d7f34680-4f37-40fc-882c-978c179f81ed","method":"POST","route":"/api/auth/login","status":401,"duration_ms":63.3,"user_id":null}
{"time":"2026-09-27T11:45:08.814Z","level":"info","event":"request","request_id":"c6c95f61-bb90-4041-affc-616bf3767db6","method":"POST","route":"/api/auth/login","status":401,"duration_ms":63.1,"user_id":null}
{"time":"2026-09-27T11:45:09.235Z","level":"info","event":"request","request_id":"cff257bc-878f-431e-b0e0-ae22f79ef030","method":"POST","route":"/api/auth/login","status":401,"duration_ms":62.1,"user_id":null}
{"time":"2026-09-27T11:45:09.659Z","level":"info","event":"request","request_id":"98e515e7-d1b1-426b-a7f5-298bb57b88eb","method":"POST","route":"/api/auth/login","status":401,"duration_ms":62.2,"user_id":null}
{"time":"2026-09-27T11:45:10.019Z","level":"info","event":"request","request_id":"fe2d89d7-b196-4511-a3f3-45fb94428ca4","method":"POST","route":"/api/auth/login","status":429,"duration_ms":0.6,"user_id":null}
{"time":"2026-09-27T11:45:16.438Z","level":"error","event":"UNHANDLED","request_id":"53ab67f7-eeb1-4c9e-945f-03967cd6e392","method":"POST","route":"/api/transactions","code":"SQLITE_BUSY","message":"database is locked","stack":"SqliteError: database is locked\n    at <app>\\src\\routes\\transactions.js:113:6\n    at Layer.handleRequest (<app>\\node_modules\\router\\lib\\layer.js:152:17)\n    at next (<app>\\node_modules\\router\\lib\\route.js:157:13)\n    at Route.dispatch (<app>\\node_modules\\router\\lib\\route.js:117:3)\n    at handle (<app>\\node_modules\\router\\index.js:435:11)\n    at Layer.handleRequest (<app>\\node_modules\\router\\lib\\layer.js:152:17)\n    at <app>\\node_modules\\router\\index.js:295:15\n    at processParams (<app>\\node_modules\\router\\index.js:582:12)\n    at next (<app>\\node_modules\\router\\index.js:291:5)\n    at router.handle (<app>\\node_modules\\router\\index.js:186:3)"}
{"time":"2026-09-27T11:45:16.439Z","level":"info","event":"request","request_id":"53ab67f7-eeb1-4c9e-945f-03967cd6e392","method":"POST","route":"/api/transactions","status":500,"duration_ms":5551.4,"user_id":1}
{"time":"2026-09-27T11:45:17.956Z","level":"info","event":"request","request_id":"e9bc4378-dbfa-4a19-8481-d9ed801fe685","method":"POST","route":"/api/transactions","status":201,"duration_ms":1.7,"user_id":1}
{"event":"ai_draft","request_id":"6e32b881-00ae-46c1-ba42-4af2ccba51dc","outcome":"AI_UNAVAILABLE","ms":1,"versions":{"schema":"1","prompt":"1","normalizer":"2"},"usage":null}
{"time":"2026-09-27T11:45:18.362Z","level":"info","event":"request","request_id":"6e32b881-00ae-46c1-ba42-4af2ccba51dc","method":"POST","route":"/api/ai/expense-draft","status":503,"duration_ms":2,"user_id":2}
{"time":"2026-09-27T11:45:18.674Z","level":"info","event":"request","request_id":"a809147b-a180-4047-ae28-1043e426555f","method":"POST","route":"/api/schedules","status":201,"duration_ms":1.6,"user_id":2}
{"time":"2026-09-27T11:45:18.678Z","level":"info","event":"request","request_id":"b2b0152d-c3fc-426b-af6a-c9e24691faff","method":"GET","route":"/api/schedules","status":200,"duration_ms":0.9,"user_id":2}
{"time":"2026-09-27T11:45:18.680Z","level":"info","event":"request","request_id":"4b7f20e4-eb9b-4a5d-8aee-877e541ac294","method":"PATCH","route":"/api/schedules/:id/pay","status":200,"duration_ms":1.4,"user_id":2}
{"time":"2026-09-27T11:45:18.988Z","level":"info","event":"request","request_id":"de146cf3-692d-47a4-b777-e852bb9b0943","method":"GET","route":"/api/health","status":200,"duration_ms":0.7,"user_id":null}
